[www.woodsdecor.in/index.html]
[backblue.gif]
[fade.gif]
[index.html]
[woodsdecor.in/images/favicon.png]
[netdna.bootstrapcdn.com/bootstrap/3.0.0/css/bootstrap.min.css]
[www.woodsdecor.in/index-2.html]
[www.woodsdecor.in/images/logo.png]
[www.woodsdecor.in/about.html]
[www.woodsdecor.in/collection.html]
[www.woodsdecor.in/chair.html]
[www.woodsdecor.in/table.html]
[www.woodsdecor.in/chester-consol.html]
[www.woodsdecor.in/accessories.html]
[www.woodsdecor.in/craftsmanship.html]
[www.woodsdecor.in/contact.html]
[www.woodsdecor.in/images-slider/home-slider-01.jpg]
[www.woodsdecor.in/images-slider/home-slider-02.jpg]
[www.woodsdecor.in/images-slider/home-slider-03.jpg]
[www.woodsdecor.in/images-slider/home-slider-04.jpg]
[www.woodsdecor.in/images-slider/home-slider-05.jpg]
[www.woodsdecor.in/images-slider/home-slider-06.jpg]
[www.woodsdecor.in/images/services/s1.jpg]
[www.woodsdecor.in/images/services/s2.jpg]
[www.woodsdecor.in/images/services/s3.jpg]
[www.woodsdecor.in/images/services/t1.jpg]
[www.woodsdecor.in/images/video-poster.jpg]
[www.woodsdecor.in/images/WoodsDecor-Crafting-Luxury_website.mp4]
[www.woodsdecor.in/shop.html]
[www.woodsdecor.in/images/portfolio-minimal/Pic_01.jpg]
[www.woodsdecor.in/images/portfolio-minimal/Pic_02.jpg]
[www.woodsdecor.in/images/portfolio-minimal/Pic_05.jpg]
[www.woodsdecor.in/images/portfolio-minimal/Pic_03.jpg]
[www.woodsdecor.in/images/portfolio-minimal/Pic_04.jpg]
[www.woodsdecor.in/images/portfolio-minimal/Pic_07.jpg]
[www.woodsdecor.in/images/portfolio-minimal/Pic_06.jpg]
[ajax.googleapis.com/ajax/libs/jquery/3.3.1/jquery.min.js]
[www.woodsdecor.in/js/jquery.min.js]
[cdnjs.cloudflare.com/ajax/libs/jquery/2.1.3/jquery.min.js]
[www.woodsdecor.in/js/jpreLoader.js]
[www.woodsdecor.in/js/bootstrap.min.js]
[www.woodsdecor.in/js/jquery.isotope.min.js]
[www.woodsdecor.in/js/easing.js]
[www.woodsdecor.in/js/jquery.flexslider-min.js]
[www.woodsdecor.in/js/jquery.scrollto.js]
[www.woodsdecor.in/js/owl.carousel.js]
[www.woodsdecor.in/js/jquery.countTo.js]
[www.woodsdecor.in/js/classie.js]
[www.woodsdecor.in/js/video.resize.js]
[www.woodsdecor.in/js/validation.js]
[www.woodsdecor.in/js/wow.min.js]
[www.woodsdecor.in/js/jquery.magnific-popup.min.js]
[www.woodsdecor.in/js/enquire.min.js]
[www.woodsdecor.in/js/designesia.js]
[www.woodsdecor.in/rs-plugin/js/jquery.themepunch.plugins.min.js]
[www.woodsdecor.in/rs-plugin/js/jquery.themepunch.revolution.min.js]
[www.woodsdecor.in/index.html]
[www.woodsdecor.in/css/bootstrap.css]
[netdna.bootstrapcdn.com/bootstrap/3.0.0/css/bootstrap.min.css]
[www.woodsdecor.in/css/jpreloader.css]
[www.woodsdecor.in/css/animate.css]
[www.woodsdecor.in/css/plugin.css]
[www.woodsdecor.in/css/owl.carousel.css]
[www.woodsdecor.in/css/owl.theme.css]
[www.woodsdecor.in/css/owl.transitions.css]
[www.woodsdecor.in/css/magnific-popup.css]
[www.woodsdecor.in/images/dot-70.png]
[www.woodsdecor.in/images/dotted.png]
[www.woodsdecor.in/images/ui/arrow-down.png]
[www.woodsdecor.in/images/ui/arrow-down-black.png]
[www.woodsdecor.in/images/ui/arrow-up.png]
[www.woodsdecor.in/images/ui/arrow-up-black.png]
[www.woodsdecor.in/images/background/home-slider-08.jpg]
[www.woodsdecor.in/images/background/home-slider-07.jpg]
[www.woodsdecor.in/images/background/Mockup_01.jpg]
[www.woodsdecor.in/css/style.css]
[www.woodsdecor.in/demo/demo.html]
[www.woodsdecor.in/images/background/bg-subheader.jpg]
[www.woodsdecor.in/images/background/subheader-1.jpg]
[www.woodsdecor.in/images/background/subheader-1b.jpg]
[www.woodsdecor.in/images/background/subheader-2.jpg]
[www.woodsdecor.in/images/background/subheader-3.jpg]
[www.woodsdecor.in/images/background/subheader-4.jpg]
[www.woodsdecor.in/images/background/subheader-5.jpg]
[www.woodsdecor.in/images/background/subheader-6.jpg]
[www.woodsdecor.in/images/background/bg-3.jpg]
[www.woodsdecor.in/images/background/bg-side-1.jpg]
[www.woodsdecor.in/images/background/bg-side-2.jpg]
[www.woodsdecor.in/images/background/bg-5.jpg]
[www.woodsdecor.in/images/background/bg-9.jpg]
[www.woodsdecor.in/images/background/bg-6.jpg]
[www.woodsdecor.in/images/background/bg-4.jpg]
[www.woodsdecor.in/images/background/bg-7.jpg]
[www.woodsdecor.in/images/background/bg-10.jpg]
[www.woodsdecor.in/images/background/bg-15.jpg]
[www.woodsdecor.in/images/background/bg-20.jpg]
[www.woodsdecor.in/images/background/bg-23.jpg]
[www.woodsdecor.in/images/background/bg-25.jpg]
[www.woodsdecor.in/images/background/bg-26.jpg]
[www.woodsdecor.in/images/background/bg-27.jpg]
[www.woodsdecor.in/images/background/bg-8.jpg]
[www.woodsdecor.in/images/background/bg-16.jpg]
[www.woodsdecor.in/images/background/bg-17.jpg]
[www.woodsdecor.in/images/background/bg-2.jpg]
[www.woodsdecor.in/images/background/bg-12.jpg]
[www.woodsdecor.in/images/background/bg-side-4.jpg]
[www.woodsdecor.in/images/background/bg-13.jpg]
[www.woodsdecor.in/images/background/bg-18.jpg]
[www.woodsdecor.in/images/background/bg-24.jpg]
[www.woodsdecor.in/images/background/bg-service-1.jpg]
[www.woodsdecor.in/images/background/bg-service-2.jpg]
[www.woodsdecor.in/images/background/bg-service-3.jpg]
[www.woodsdecor.in/images/background/bg-service-4.jpg]
[www.woodsdecor.in/images/background/bg-side-5.jpg]
[www.woodsdecor.in/images/background/bg-side-6.jpg]
[www.woodsdecor.in/images/background/bg-side-7.jpg]
[www.woodsdecor.in/images/background/bg-side-8.jpg]
[www.woodsdecor.in/images/background/bg-subheader-sn.jpg]
[www.woodsdecor.in/images/background/subheader-1-sn.jpg]
[www.woodsdecor.in/images/background/subheader-2-sn.jpg]
[www.woodsdecor.in/images/background/subheader-3-sn.jpg]
[www.woodsdecor.in/images/background/subheader-4-sn.jpg]
[www.woodsdecor.in/images/background/subheader-5-sn.jpg]
[www.woodsdecor.in/images/background/subheader-6-sn.jpg]
[www.woodsdecor.in/css/bg.css]
[www.woodsdecor.in/css/color.css]
[www.woodsdecor.in/fonts/font-awesome/fonts/fontawesome-webfont862f.eot]
[www.woodsdecor.in/fonts/font-awesome/fonts/fontawesome-webfontd41d.eot]
[www.woodsdecor.in/fonts/font-awesome/fonts/fontawesome-webfont862f.woff]
[www.woodsdecor.in/fonts/font-awesome/fonts/fontawesome-webfont862f.ttf]
[www.woodsdecor.in/fonts/font-awesome/css/font-awesome.css]
[www.woodsdecor.in/fonts/elegant_font/HTML_CSS/fonts/ElegantIcons.eot]
[www.woodsdecor.in/fonts/elegant_font/HTML_CSS/fonts/ElegantIcons.woff]
[www.woodsdecor.in/fonts/elegant_font/HTML_CSS/fonts/ElegantIconsd41d.eot]
[www.woodsdecor.in/fonts/elegant_font/HTML_CSS/fonts/ElegantIcons.ttf]
[www.woodsdecor.in/fonts/elegant_font/HTML_CSS/style.css]
[www.woodsdecor.in/fonts/et-line-font/fonts/et-line.eot]
[www.woodsdecor.in/fonts/et-line-font/fonts/et-line.woff]
[www.woodsdecor.in/fonts/et-line-font/fonts/et-lined41d.eot]
[www.woodsdecor.in/fonts/et-line-font/fonts/et-line.ttf]
[www.woodsdecor.in/fonts/et-line-font/style.css]
[www.woodsdecor.in/rs-plugin/images/gradient/g30.png]
[www.woodsdecor.in/rs-plugin/images/gradient/g40.png]
[www.woodsdecor.in/rs-plugin/assets/shadow1.png]
[www.woodsdecor.in/rs-plugin/assets/shadow2.png]
[www.woodsdecor.in/rs-plugin/assets/shadow3.png]
[www.woodsdecor.in/rs-plugin/assets/gridtile.png]
[www.woodsdecor.in/rs-plugin/assets/gridtile_white.png]
[www.woodsdecor.in/rs-plugin/assets/gridtile_3x3.png]
[www.woodsdecor.in/rs-plugin/assets/gridtile_3x3_white.png]
[www.woodsdecor.in/rs-plugin/assets/boxed_bgtile.png]
[www.woodsdecor.in/rs-plugin/assets/navigdots_bgtile.png]
[www.woodsdecor.in/rs-plugin/assets/bullet.png]
[www.woodsdecor.in/rs-plugin/assets/bullets.png]
[www.woodsdecor.in/rs-plugin/assets/bullets2.png]
[www.woodsdecor.in/rs-plugin/assets/bullet_boxed.png]
[www.woodsdecor.in/rs-plugin/assets/navigdots.png]
[www.woodsdecor.in/rs-plugin/assets/large_left.png]
[www.woodsdecor.in/rs-plugin/assets/large_right.png]
[www.woodsdecor.in/rs-plugin/assets/small_left.png]
[www.woodsdecor.in/rs-plugin/assets/small_right.png]
[www.woodsdecor.in/rs-plugin/assets/arrow_left.png]
[www.woodsdecor.in/rs-plugin/assets/arrow_right.png]
[www.woodsdecor.in/rs-plugin/assets/small_left_boxed.png]
[www.woodsdecor.in/rs-plugin/assets/small_right_boxed.png]
[www.woodsdecor.in/rs-plugin/assets/arrowleft.png]
[www.woodsdecor.in/rs-plugin/assets/arrowright.png]
[www.woodsdecor.in/rs-plugin/assets/arrow_left2.png]
[www.woodsdecor.in/rs-plugin/assets/arrow_right2.png]
[www.woodsdecor.in/rs-plugin/assets/timer.png]
[www.woodsdecor.in/rs-plugin/assets/coloredbg.png]
[www.woodsdecor.in/rs-plugin/assets/loader.gif]
[www.woodsdecor.in/rs-plugin/font/revicons90c6.eot]
[www.woodsdecor.in/rs-plugin/font/revicons90c6.woff]
[www.woodsdecor.in/rs-plugin/font/revicons90c6.ttf]
[www.woodsdecor.in/rs-plugin/css/settings.css]
[www.woodsdecor.in/css/rev-settings.css]
[www.woodsdecor.in/index-2.html]
[www.woodsdecor.in/about.html]
[www.woodsdecor.in/images/misc/services-chairs.jpg]
[www.woodsdecor.in/images/misc/services-tables.jpg]
[www.woodsdecor.in/images/misc/services-console.jpg]
[www.woodsdecor.in/images/misc/services-home-decor.jpg]
[www.woodsdecor.in/collection.html]
[www.woodsdecor.in/images/shop/Chair/Chairs_Sofa_Mockup_New_01.jpg]
[www.woodsdecor.in/images/background/Mockup_03.jpg]
[www.woodsdecor.in/images/background/Mockup_05_chair.jpg]
[www.woodsdecor.in/images/background/Mockup_04.jpg]
[www.woodsdecor.in/images/shop/Chair/J1.jpg]
[www.woodsdecor.in/images/shop/Chair/J2.jpg]
[www.woodsdecor.in/images/shop/Chair/J3.jpg]
[www.woodsdecor.in/images/shop/Chair/J4.jpg]
[www.woodsdecor.in/images/shop/Chair/J5.jpg]
[www.woodsdecor.in/images/shop/Chair/J6.jpg]
[www.woodsdecor.in/images/shop/Chair/J7.jpg]
[www.woodsdecor.in/images/shop/Chair/J8.jpg]
[www.woodsdecor.in/images/shop/Chair/J9.jpg]
[www.woodsdecor.in/images/shop/Chair/J10.jpg]
[www.woodsdecor.in/images/shop/Chair/J11.jpg]
[www.woodsdecor.in/images/shop/Chair/J12.jpg]
[www.woodsdecor.in/images/shop/Chair/24.jpg]
[www.woodsdecor.in/images/shop/Chair/26.jpg]
[www.woodsdecor.in/images/shop/Chair/27.jpg]
[www.woodsdecor.in/images/shop/Chair/29.jpg]
[www.woodsdecor.in/images/shop/Chair/30.jpg]
[www.woodsdecor.in/images/shop/Chair/31.jpg]
[www.woodsdecor.in/images/shop/Chair/32.jpg]
[www.woodsdecor.in/images/shop/Chair/33.jpg]
[www.woodsdecor.in/images/shop/Chair/34.jpg]
[www.woodsdecor.in/images/shop/Chair/35.jpg]
[www.woodsdecor.in/images/shop/Chair/36.jpg]
[www.woodsdecor.in/images/shop/Chair/38.jpg]
[www.woodsdecor.in/images/shop/Chair/6.jpg]
[www.woodsdecor.in/images/shop/Chair/7.jpg]
[www.woodsdecor.in/images/shop/Chair/11.jpg]
[www.woodsdecor.in/images/shop/Chair/13.jpg]
[www.woodsdecor.in/images/shop/Chair/14.jpg]
[www.woodsdecor.in/images/shop/Chair/15.jpg]
[www.woodsdecor.in/images/shop/Chair/16.jpg]
[www.woodsdecor.in/images/shop/Chair/17.jpg]
[www.woodsdecor.in/images/shop/Chair/18.jpg]
[www.woodsdecor.in/images/shop/Chair/19.jpg]
[www.woodsdecor.in/images/shop/Chair/20.jpg]
[www.woodsdecor.in/chair.html]
[www.woodsdecor.in/images/shop/Table/Table_Mockup_New_02.jpg]
[www.woodsdecor.in/images/background/Mockup_05.jpg]
[www.woodsdecor.in/images/shop/Consoles/J1.jpg]
[www.woodsdecor.in/images/shop/Consoles/J2.jpg]
[www.woodsdecor.in/images/shop/Consoles/J3.jpg]
[www.woodsdecor.in/images/shop/Consoles/J4.jpg]
[www.woodsdecor.in/images/shop/Consoles/J5.jpg]
[www.woodsdecor.in/images/shop/Consoles/13.jpg]
[www.woodsdecor.in/images/shop/Table/9.jpg]
[www.woodsdecor.in/images/shop/Table/11.jpg]
[www.woodsdecor.in/images/shop/Table/12.jpg]
[www.woodsdecor.in/images/shop/Table/13.jpg]
[www.woodsdecor.in/images/shop/Table/14.jpg]
[www.woodsdecor.in/images/shop/Table/15.jpg]
[www.woodsdecor.in/images/shop/Table/16.jpg]
[www.woodsdecor.in/images/shop/Table/1.jpg]
[www.woodsdecor.in/images/shop/Table/2.jpg]
[www.woodsdecor.in/images/shop/Table/3.jpg]
[www.woodsdecor.in/images/shop/Table/5.jpg]
[www.woodsdecor.in/images/shop/Table/6.jpg]
[www.woodsdecor.in/images/shop/Table/7.jpg]
[www.woodsdecor.in/images/shop/Table/8.jpg]
[www.woodsdecor.in/table.html]
[www.woodsdecor.in/images/shop/Consoles/Chester_Console_Mockup_02.jpg]
[www.woodsdecor.in/images/shop/Consoles/Chester_Mockup_New_02.jpg]
[www.woodsdecor.in/images/shop/Consoles/Chester_Mockup_New_03.jpg]
[www.woodsdecor.in/images/shop/Consoles/J6.jpg]
[www.woodsdecor.in/images/shop/Consoles/11.jpg]
[www.woodsdecor.in/images/shop/Consoles/14.jpg]
[www.woodsdecor.in/images/shop/Consoles/16.jpg]
[www.woodsdecor.in/images/shop/Consoles/17.jpg]
[www.woodsdecor.in/images/shop/Consoles/18.jpg]
[www.woodsdecor.in/images/shop/Consoles/19.jpg]
[www.woodsdecor.in/images/shop/Consoles/2.jpg]
[www.woodsdecor.in/images/shop/Consoles/3.jpg]
[www.woodsdecor.in/images/shop/Consoles/5.jpg]
[www.woodsdecor.in/images/shop/Consoles/6.jpg]
[www.woodsdecor.in/images/shop/Consoles/7.jpg]
[www.woodsdecor.in/images/shop/Consoles/8.jpg]
[www.woodsdecor.in/images/shop/Consoles/9.jpg]
[www.woodsdecor.in/images/shop/Consoles/10.jpg]
[www.woodsdecor.in/chester-consol.html]
[www.woodsdecor.in/images/shop/Home-decor/Decor_Mockup_New_02.jpg]
[www.woodsdecor.in/images/shop/Home-decor/J1.jpg]
[www.woodsdecor.in/images/shop/Home-decor/J2.jpg]
[www.woodsdecor.in/images/shop/Home-decor/J3.jpg]
[www.woodsdecor.in/images/shop/Home-decor/J4.jpg]
[www.woodsdecor.in/images/shop/Home-decor/J5.jpg]
[www.woodsdecor.in/images/shop/Home-decor/J6.jpg]
[www.woodsdecor.in/images/shop/Home-decor/J7.jpg]
[www.woodsdecor.in/images/shop/Home-decor/8.jpg]
[www.woodsdecor.in/images/shop/Home-decor/9.jpg]
[www.woodsdecor.in/images/shop/Home-decor/1.jpg]
[www.woodsdecor.in/images/shop/Home-decor/2.jpg]
[www.woodsdecor.in/images/shop/Home-decor/3.jpg]
[www.woodsdecor.in/images/shop/Home-decor/4.jpg]
[www.woodsdecor.in/images/shop/Home-decor/5.jpg]
[www.woodsdecor.in/images/shop/Home-decor/6.jpg]
[www.woodsdecor.in/images/shop/Home-decor/7.jpg]
[www.woodsdecor.in/accessories.html]
[www.woodsdecor.in/images/blog/1.jpg]
[www.woodsdecor.in/images/blog/2.jpg]
[www.woodsdecor.in/images/blog/3.jpg]
[www.woodsdecor.in/images/blog/4.jpg]
[www.woodsdecor.in/images/blog/5.jpg]
[www.woodsdecor.in/images/blog/6.jpg]
[www.woodsdecor.in/images/blog/7.jpg]
[www.woodsdecor.in/images/blog/0.jpg]
[www.woodsdecor.in/craftsmanship.html]
[www.woodsdecor.in/contact.html]
[www.woodsdecor.in/images/WoodsDecor-Crafting-Luxury_website.mp4]
[www.woodsdecor.in/images/WoodsDecor-Crafting-Luxury_website.html]
[www.woodsdecor.in/images/shop/1.jpg]
[www.woodsdecor.in/images/shop/2.jpg]
[www.woodsdecor.in/images/shop/3.jpg]
[www.woodsdecor.in/images/shop/4.jpg]
[www.woodsdecor.in/images/shop/5.jpg]
[www.woodsdecor.in/images/shop/6.jpg]
[www.woodsdecor.in/images/shop/7.jpg]
[www.woodsdecor.in/images/shop/8.jpg]
[www.woodsdecor.in/images/shop/9.jpg]
[www.woodsdecor.in/images/shop/10.jpg]
[www.woodsdecor.in/images/shop/11.jpg]
[www.woodsdecor.in/images/shop/12.jpg]
[www.woodsdecor.in/images/shop/21.jpg]
[www.woodsdecor.in/images/shop/22.jpg]
[www.woodsdecor.in/images/shop/23.jpg]
[www.woodsdecor.in/images/shop/24.jpg]
[www.woodsdecor.in/images/shop/25.jpg]
[www.woodsdecor.in/images/shop/26.jpg]
[www.woodsdecor.in/images/shop/27.jpg]
[www.woodsdecor.in/images/shop/28.jpg]
[www.woodsdecor.in/images/shop/29.jpg]
[www.woodsdecor.in/shop.html]
[www.woodsdecor.in/demo/demo-2.html]
[www.woodsdecor.in/fonts/glyphicons-halflings-regular.html]
[www.woodsdecor.in/fonts/glyphicons-halflings-regulard41d.html]
[www.woodsdecor.in/fonts/glyphicons-halflings-regular-2.html]
[www.woodsdecor.in/fonts/glyphicons-halflings-regular-3.html]
[www.woodsdecor.in/fonts/glyphicons-halflings-regular-4.html]
[www.woodsdecor.in/images/ui.totop.html]
[www.woodsdecor.in/css/grabbing.html]
[www.woodsdecor.in/css/AjaxLoader.html]
[www.woodsdecor.in/images/icon-slide-plus.html]
[www.woodsdecor.in/images/icon-slide-min.html]
[www.woodsdecor.in/images/close.html]
[www.woodsdecor.in/images/close-2.html]
[www.woodsdecor.in/images/icon-url.html]
[www.woodsdecor.in/images/icon-zoom.html]
[www.woodsdecor.in/images/list-arrow.html]
[www.woodsdecor.in/images/page-loader.html]
[www.woodsdecor.in/images/ui/arrow-down-invert.html]
[www.woodsdecor.in/images/ui/arrow-up-invert.html]
[www.woodsdecor.in/images/background/bg-side-3.html]
[www.woodsdecor.in/images/background/bg-14.html]
[www.woodsdecor.in/images/background/bg-21.html]
[www.woodsdecor.in/images/background/bg-22.html]
[www.woodsdecor.in/css/colors/yellow.css]
[www.woodsdecor.in/fonts/font-awesome/fonts/fontawesome-webfont862f.svg]
[www.woodsdecor.in/fonts/elegant_font/HTML_CSS/fonts/ElegantIcons.svg]
[www.woodsdecor.in/fonts/et-line-font/fonts/et-line.svg]
[www.woodsdecor.in/rs-plugin/font/revicons90c6.svg]
[www.woodsdecor.in/images/blog/1.jpg]
[www.woodsdecor.in/images/blog/7.jpg]
[www.woodsdecor.in/table-2.html]
[www.woodsdecor.in/chair-2.html]
[www.woodsdecor.in/chester-consol-2.html]
[www.woodsdecor.in/accessories-2.html]
[www.woodsdecor.in/images/WoodsDecor-Crafting-Luxury_website.mp4]
